
> flynerdtech@0.1.0 build
> prisma generate && next build

Environment variables loaded from .env
Prisma schema loaded from prisma\schema.prisma

Γ£ö Generated Prisma Client (v5.22.0) to .\node_modules\@prisma\client in 85ms

Start by importing your Prisma Client (See: https://pris.ly/d/importing-client)

Tip: Need your database queries to be 1000x faster? Accelerate offers you that and more: https://pris.ly/tip-2-accelerate

Γû▓ Next.js 16.1.6 (Turbopack)
- Environments: .env

  Creating an optimized production build ...
Γ£ô Compiled successfully in 7.9s
  Running TypeScript ...
  Collecting page data using 7 workers ...
  Generating static pages using 7 workers (0/36) ...
  Generating static pages using 7 workers (9/36) 
  Generating static pages using 7 workers (18/36) 
  Generating static pages using 7 workers (27/36) 
Γ£ô Generating static pages using 7 workers (36/36) in 1217.4ms
  Finalizing page optimization ...

Route (app)
Γöî Γùï /
Γö£ Γùï /_not-found
Γö£ Γùï /about
Γö£ Γùï /ai-website
Γö£ ╞Æ /api/agents/builder
Γö£ ╞Æ /api/agents/closer
Γö£ ╞Æ /api/agents/demo-builder
Γö£ ╞Æ /api/agents/email-sender
Γö£ ╞Æ /api/agents/expire
Γö£ ╞Æ /api/agents/growth
Γö£ ╞Æ /api/agents/intel
Γö£ ╞Æ /api/agents/intel-scraper
Γö£ ╞Æ /api/agents/lead-finder
Γö£ ╞Æ /api/agents/outreach
Γö£ ╞Æ /api/agents/scout
Γö£ ╞Æ /api/apply
Γö£ ╞Æ /api/contact
Γö£ ╞Æ /api/orchestrator
Γö£ Γùï /apply
Γö£ Γùï /blog
Γö£ ΓùÅ /blog/[slug]
Γöé Γöö /blog/ai-automation-small-business-2024
Γö£ Γùï /contact
Γö£ ╞Æ /demo/[leadId]
Γö£ Γùï /onboarding
Γö£ Γùï /pricing
Γö£ Γùï /privacy
Γö£ Γùï /services
Γö£ ΓùÅ /services/[slug]
Γöé Γö£ /services/ai-automation
Γöé Γö£ /services/marketing-operations
Γöé Γö£ /services/email-campaigns
Γöé Γöö [+3 more paths]
Γö£ Γùï /terms
Γöö Γùï /work


Γùï  (Static)   prerendered as static content
ΓùÅ  (SSG)      prerendered as static HTML (uses generateStaticParams)
╞Æ  (Dynamic)  server-rendered on demand

